[CC]  kernel/main.c
x86_64-elf-gcc -std=c11 -ffreestanding -fno-stack-protector -fno-pic -fno-pie -mno-red-zone -mno-mmx -mno-sse -mno-sse2 -Wall -Wextra -Werror -Wno-unused-parameter -O2 -Ikernel/include -Ikernel -c kernel/main.c -o build/kernel/main.o
[CC]  kernel/string.c
x86_64-elf-gcc -std=c11 -ffreestanding -fno-stack-protector -fno-pic -fno-pie -mno-red-zone -mno-mmx -mno-sse -mno-sse2 -Wall -Wextra -Werror -Wno-unused-parameter -O2 -Ikernel/include -Ikernel -c kernel/string.c -o build/kernel/string.o
[CC]  kernel/arch/x86_64/gdt.c
x86_64-elf-gcc -std=c11 -ffreestanding -fno-stack-protector -fno-pic -fno-pie -mno-red-zone -mno-mmx -mno-sse -mno-sse2 -Wall -Wextra -Werror -Wno-unused-parameter -O2 -Ikernel/include -Ikernel -c kernel/arch/x86_64/gdt.c -o build/kernel/arch/x86_64/gdt.o
[CC]  kernel/arch/x86_64/idt.c
x86_64-elf-gcc -std=c11 -ffreestanding -fno-stack-protector -fno-pic -fno-pie -mno-red-zone -mno-mmx -mno-sse -mno-sse2 -Wall -Wextra -Werror -Wno-unused-parameter -O2 -Ikernel/include -Ikernel -c kernel/arch/x86_64/idt.c -o build/kernel/arch/x86_64/idt.o
[CC]  kernel/arch/x86_64/irq.c
x86_64-elf-gcc -std=c11 -ffreestanding -fno-stack-protector -fno-pic -fno-pie -mno-red-zone -mno-mmx -mno-sse -mno-sse2 -Wall -Wextra -Werror -Wno-unused-parameter -O2 -Ikernel/include -Ikernel -c kernel/arch/x86_64/irq.c -o build/kernel/arch/x86_64/irq.o
[CC]  kernel/arch/x86_64/apic.c
x86_64-elf-gcc -std=c11 -ffreestanding -fno-stack-protector -fno-pic -fno-pie -mno-red-zone -mno-mmx -mno-sse -mno-sse2 -Wall -Wextra -Werror -Wno-unused-parameter -O2 -Ikernel/include -Ikernel -c kernel/arch/x86_64/apic.c -o build/kernel/arch/x86_64/apic.o
[CC]  kernel/arch/x86_64/fpu.c
x86_64-elf-gcc -std=c11 -ffreestanding -fno-stack-protector -fno-pic -fno-pie -mno-red-zone -mno-mmx -mno-sse -mno-sse2 -Wall -Wextra -Werror -Wno-unused-parameter -O2 -Ikernel/include -Ikernel -c kernel/arch/x86_64/fpu.c -o build/kernel/arch/x86_64/fpu.o
[CC]  kernel/mm/pmm.c
x86_64-elf-gcc -std=c11 -ffreestanding -fno-stack-protector -fno-pic -fno-pie -mno-red-zone -mno-mmx -mno-sse -mno-sse2 -Wall -Wextra -Werror -Wno-unused-parameter -O2 -Ikernel/include -Ikernel -c kernel/mm/pmm.c -o build/kernel/mm/pmm.o
[CC]  kernel/mm/vmm.c
x86_64-elf-gcc -std=c11 -ffreestanding -fno-stack-protector -fno-pic -fno-pie -mno-red-zone -mno-mmx -mno-sse -mno-sse2 -Wall -Wextra -Werror -Wno-unused-parameter -O2 -Ikernel/include -Ikernel -c kernel/mm/vmm.c -o build/kernel/mm/vmm.o
[CC]  kernel/mm/kmalloc.c
x86_64-elf-gcc -std=c11 -ffreestanding -fno-stack-protector -fno-pic -fno-pie -mno-red-zone -mno-mmx -mno-sse -mno-sse2 -Wall -Wextra -Werror -Wno-unused-parameter -O2 -Ikernel/include -Ikernel -c kernel/mm/kmalloc.c -o build/kernel/mm/kmalloc.o
[CC]  kernel/cap/capability.c
x86_64-elf-gcc -std=c11 -ffreestanding -fno-stack-protector -fno-pic -fno-pie -mno-red-zone -mno-mmx -mno-sse -mno-sse2 -Wall -Wextra -Werror -Wno-unused-parameter -O2 -Ikernel/include -Ikernel -c kernel/cap/capability.c -o build/kernel/cap/capability.o
[CC]  kernel/cap/broker.c
x86_64-elf-gcc -std=c11 -ffreestanding -fno-stack-protector -fno-pic -fno-pie -mno-red-zone -mno-mmx -mno-sse -mno-sse2 -Wall -Wextra -Werror -Wno-unused-parameter -O2 -Ikernel/include -Ikernel -c kernel/cap/broker.c -o build/kernel/cap/broker.o
[CC]  kernel/crypto/blake3.c
x86_64-elf-gcc -std=c11 -ffreestanding -fno-stack-protector -fno-pic -fno-pie -mno-red-zone -mno-mmx -mno-sse -mno-sse2 -Wall -Wextra -Werror -Wno-unused-parameter -O2 -Ikernel/include -Ikernel -c kernel/crypto/blake3.c -o build/kernel/crypto/blake3.o
[CC]  kernel/audit/audit.c
x86_64-elf-gcc -std=c11 -ffreestanding -fno-stack-protector -fno-pic -fno-pie -mno-red-zone -mno-mmx -mno-sse -mno-sse2 -Wall -Wextra -Werror -Wno-unused-parameter -O2 -Ikernel/include -Ikernel -c kernel/audit/audit.c -o build/kernel/audit/audit.o
[CC]  kernel/proc/process.c
x86_64-elf-gcc -std=c11 -ffreestanding -fno-stack-protector -fno-pic -fno-pie -mno-red-zone -mno-mmx -mno-sse -mno-sse2 -Wall -Wextra -Werror -Wno-unused-parameter -O2 -Ikernel/include -Ikernel -c kernel/proc/process.c -o build/kernel/proc/process.o
[CC]  kernel/proc/scheduler.c
x86_64-elf-gcc -std=c11 -ffreestanding -fno-stack-protector -fno-pic -fno-pie -mno-red-zone -mno-mmx -mno-sse -mno-sse2 -Wall -Wextra -Werror -Wno-unused-parameter -O2 -Ikernel/include -Ikernel -c kernel/proc/scheduler.c -o build/kernel/proc/scheduler.o
[CC]  kernel/proc/fork_exec.c
x86_64-elf-gcc -std=c11 -ffreestanding -fno-stack-protector -fno-pic -fno-pie -mno-red-zone -mno-mmx -mno-sse -mno-sse2 -Wall -Wextra -Werror -Wno-unused-parameter -O2 -Ikernel/include -Ikernel -c kernel/proc/fork_exec.c -o build/kernel/proc/fork_exec.o
[CC]  kernel/syscall/table.c
x86_64-elf-gcc -std=c11 -ffreestanding -fno-stack-protector -fno-pic -fno-pie -mno-red-zone -mno-mmx -mno-sse -mno-sse2 -Wall -Wextra -Werror -Wno-unused-parameter -O2 -Ikernel/include -Ikernel -c kernel/syscall/table.c -o build/kernel/syscall/table.o
[CC]  kernel/drivers/vga.c
x86_64-elf-gcc -std=c11 -ffreestanding -fno-stack-protector -fno-pic -fno-pie -mno-red-zone -mno-mmx -mno-sse -mno-sse2 -Wall -Wextra -Werror -Wno-unused-parameter -O2 -Ikernel/include -Ikernel -c kernel/drivers/vga.c -o build/kernel/drivers/vga.o
[CC]  kernel/drivers/serial.c
x86_64-elf-gcc -std=c11 -ffreestanding -fno-stack-protector -fno-pic -fno-pie -mno-red-zone -mno-mmx -mno-sse -mno-sse2 -Wall -Wextra -Werror -Wno-unused-parameter -O2 -Ikernel/include -Ikernel -c kernel/drivers/serial.c -o build/kernel/drivers/serial.o
[CC]  kernel/drivers/keyboard.c
x86_64-elf-gcc -std=c11 -ffreestanding -fno-stack-protector -fno-pic -fno-pie -mno-red-zone -mno-mmx -mno-sse -mno-sse2 -Wall -Wextra -Werror -Wno-unused-parameter -O2 -Ikernel/include -Ikernel -c kernel/drivers/keyboard.c -o build/kernel/drivers/keyboard.o
[CC]  kernel/drivers/fb.c
x86_64-elf-gcc -std=c11 -ffreestanding -fno-stack-protector -fno-pic -fno-pie -mno-red-zone -mno-mmx -mno-sse -mno-sse2 -Wall -Wextra -Werror -Wno-unused-parameter -O2 -Ikernel/include -Ikernel -c kernel/drivers/fb.c -o build/kernel/drivers/fb.o
[CC]  kernel/drivers/font.c
x86_64-elf-gcc -std=c11 -ffreestanding -fno-stack-protector -fno-pic -fno-pie -mno-red-zone -mno-mmx -mno-sse -mno-sse2 -Wall -Wextra -Werror -Wno-unused-parameter -O2 -Ikernel/include -Ikernel -c kernel/drivers/font.c -o build/kernel/drivers/font.o
[CC]  kernel/drivers/mouse.c
x86_64-elf-gcc -std=c11 -ffreestanding -fno-stack-protector -fno-pic -fno-pie -mno-red-zone -mno-mmx -mno-sse -mno-sse2 -Wall -Wextra -Werror -Wno-unused-parameter -O2 -Ikernel/include -Ikernel -c kernel/drivers/mouse.c -o build/kernel/drivers/mouse.o
[CC]  kernel/drivers/fb_console.c
x86_64-elf-gcc -std=c11 -ffreestanding -fno-stack-protector -fno-pic -fno-pie -mno-red-zone -mno-mmx -mno-sse -mno-sse2 -Wall -Wextra -Werror -Wno-unused-parameter -O2 -Ikernel/include -Ikernel -c kernel/drivers/fb_console.c -o build/kernel/drivers/fb_console.o
[CC]  kernel/drivers/ata.c
x86_64-elf-gcc -std=c11 -ffreestanding -fno-stack-protector -fno-pic -fno-pie -mno-red-zone -mno-mmx -mno-sse -mno-sse2 -Wall -Wextra -Werror -Wno-unused-parameter -O2 -Ikernel/include -Ikernel -c kernel/drivers/ata.c -o build/kernel/drivers/ata.o
[CC]  kernel/drivers/driver.c
x86_64-elf-gcc -std=c11 -ffreestanding -fno-stack-protector -fno-pic -fno-pie -mno-red-zone -mno-mmx -mno-sse -mno-sse2 -Wall -Wextra -Werror -Wno-unused-parameter -O2 -Ikernel/include -Ikernel -c kernel/drivers/driver.c -o build/kernel/drivers/driver.o
[CC]  kernel/drivers/rtc.c
x86_64-elf-gcc -std=c11 -ffreestanding -fno-stack-protector -fno-pic -fno-pie -mno-red-zone -mno-mmx -mno-sse -mno-sse2 -Wall -Wextra -Werror -Wno-unused-parameter -O2 -Ikernel/include -Ikernel -c kernel/drivers/rtc.c -o build/kernel/drivers/rtc.o
[CC]  kernel/fs/vfs/vfs.c
x86_64-elf-gcc -std=c11 -ffreestanding -fno-stack-protector -fno-pic -fno-pie -mno-red-zone -mno-mmx -mno-sse -mno-sse2 -Wall -Wextra -Werror -Wno-unused-parameter -O2 -Ikernel/include -Ikernel -c kernel/fs/vfs/vfs.c -o build/kernel/fs/vfs/vfs.o
[CC]  kernel/fs/exfs/exfs.c
x86_64-elf-gcc -std=c11 -ffreestanding -fno-stack-protector -fno-pic -fno-pie -mno-red-zone -mno-mmx -mno-sse -mno-sse2 -Wall -Wextra -Werror -Wno-unused-parameter -O2 -Ikernel/include -Ikernel -c kernel/fs/exfs/exfs.c -o build/kernel/fs/exfs/exfs.o
[CC]  kernel/elf/elf.c
x86_64-elf-gcc -std=c11 -ffreestanding -fno-stack-protector -fno-pic -fno-pie -mno-red-zone -mno-mmx -mno-sse -mno-sse2 -Wall -Wextra -Werror -Wno-unused-parameter -O2 -Ikernel/include -Ikernel -c kernel/elf/elf.c -o build/kernel/elf/elf.o
[CC]  kernel/net/net.c
x86_64-elf-gcc -std=c11 -ffreestanding -fno-stack-protector -fno-pic -fno-pie -mno-red-zone -mno-mmx -mno-sse -mno-sse2 -Wall -Wextra -Werror -Wno-unused-parameter -O2 -Ikernel/include -Ikernel -c kernel/net/net.c -o build/kernel/net/net.o
[CC]  kernel/net/netstack.c
x86_64-elf-gcc -std=c11 -ffreestanding -fno-stack-protector -fno-pic -fno-pie -mno-red-zone -mno-mmx -mno-sse -mno-sse2 -Wall -Wextra -Werror -Wno-unused-parameter -O2 -Ikernel/include -Ikernel -c kernel/net/netstack.c -o build/kernel/net/netstack.o
[CC]  kernel/net/arp/arp.c
x86_64-elf-gcc -std=c11 -ffreestanding -fno-stack-protector -fno-pic -fno-pie -mno-red-zone -mno-mmx -mno-sse -mno-sse2 -Wall -Wextra -Werror -Wno-unused-parameter -O2 -Ikernel/include -Ikernel -c kernel/net/arp/arp.c -o build/kernel/net/arp/arp.o
[CC]  kernel/net/ip/ip.c
x86_64-elf-gcc -std=c11 -ffreestanding -fno-stack-protector -fno-pic -fno-pie -mno-red-zone -mno-mmx -mno-sse -mno-sse2 -Wall -Wextra -Werror -Wno-unused-parameter -O2 -Ikernel/include -Ikernel -c kernel/net/ip/ip.c -o build/kernel/net/ip/ip.o
[CC]  kernel/net/icmp/icmp.c
x86_64-elf-gcc -std=c11 -ffreestanding -fno-stack-protector -fno-pic -fno-pie -mno-red-zone -mno-mmx -mno-sse -mno-sse2 -Wall -Wextra -Werror -Wno-unused-parameter -O2 -Ikernel/include -Ikernel -c kernel/net/icmp/icmp.c -o build/kernel/net/icmp/icmp.o
[CC]  kernel/net/udp/udp.c
x86_64-elf-gcc -std=c11 -ffreestanding -fno-stack-protector -fno-pic -fno-pie -mno-red-zone -mno-mmx -mno-sse -mno-sse2 -Wall -Wextra -Werror -Wno-unused-parameter -O2 -Ikernel/include -Ikernel -c kernel/net/udp/udp.c -o build/kernel/net/udp/udp.o
[CC]  kernel/net/dns/dns.c
x86_64-elf-gcc -std=c11 -ffreestanding -fno-stack-protector -fno-pic -fno-pie -mno-red-zone -mno-mmx -mno-sse -mno-sse2 -Wall -Wextra -Werror -Wno-unused-parameter -O2 -Ikernel/include -Ikernel -c kernel/net/dns/dns.c -o build/kernel/net/dns/dns.o
[CC]  kernel/net/tcp/tcp.c
x86_64-elf-gcc -std=c11 -ffreestanding -fno-stack-protector -fno-pic -fno-pie -mno-red-zone -mno-mmx -mno-sse -mno-sse2 -Wall -Wextra -Werror -Wno-unused-parameter -O2 -Ikernel/include -Ikernel -c kernel/net/tcp/tcp.c -o build/kernel/net/tcp/tcp.o
[CC]  kernel/net/socket/socket.c
x86_64-elf-gcc -std=c11 -ffreestanding -fno-stack-protector -fno-pic -fno-pie -mno-red-zone -mno-mmx -mno-sse -mno-sse2 -Wall -Wextra -Werror -Wno-unused-parameter -O2 -Ikernel/include -Ikernel -c kernel/net/socket/socket.c -o build/kernel/net/socket/socket.o
[CC]  kernel/net/drivers/e1000.c
x86_64-elf-gcc -std=c11 -ffreestanding -fno-stack-protector -fno-pic -fno-pie -mno-red-zone -mno-mmx -mno-sse -mno-sse2 -Wall -Wextra -Werror -Wno-unused-parameter -O2 -Ikernel/include -Ikernel -c kernel/net/drivers/e1000.c -o build/kernel/net/drivers/e1000.o
[CC]  kernel/cnsl/cnsl.c
x86_64-elf-gcc -std=c11 -ffreestanding -fno-stack-protector -fno-pic -fno-pie -mno-red-zone -mno-mmx -mno-sse -mno-sse2 -Wall -Wextra -Werror -Wno-unused-parameter -O2 -Ikernel/include -Ikernel -c kernel/cnsl/cnsl.c -o build/kernel/cnsl/cnsl.o
[CC]  kernel/cnsl/fim.c
x86_64-elf-gcc -std=c11 -ffreestanding -fno-stack-protector -fno-pic -fno-pie -mno-red-zone -mno-mmx -mno-sse -mno-sse2 -Wall -Wextra -Werror -Wno-unused-parameter -O2 -Ikernel/include -Ikernel -c kernel/cnsl/fim.c -o build/kernel/cnsl/fim.o
[CC]  kernel/huddlecluster/huddlecluster.c
x86_64-elf-gcc -std=c11 -ffreestanding -fno-stack-protector -fno-pic -fno-pie -mno-red-zone -mno-mmx -mno-sse -mno-sse2 -Wall -Wextra -Werror -Wno-unused-parameter -O2 -Ikernel/include -Ikernel -c kernel/huddlecluster/huddlecluster.c -o build/kernel/huddlecluster/huddlecluster.o
[CC]  kernel/ipc/ipc.c
x86_64-elf-gcc -std=c11 -ffreestanding -fno-stack-protector -fno-pic -fno-pie -mno-red-zone -mno-mmx -mno-sse -mno-sse2 -Wall -Wextra -Werror -Wno-unused-parameter -O2 -Ikernel/include -Ikernel -c kernel/ipc/ipc.c -o build/kernel/ipc/ipc.o
[CC]  kernel/shm/shm.c
x86_64-elf-gcc -std=c11 -ffreestanding -fno-stack-protector -fno-pic -fno-pie -mno-red-zone -mno-mmx -mno-sse -mno-sse2 -Wall -Wextra -Werror -Wno-unused-parameter -O2 -Ikernel/include -Ikernel -c kernel/shm/shm.c -o build/kernel/shm/shm.o
[CC]  kernel/sync/sync.c
x86_64-elf-gcc -std=c11 -ffreestanding -fno-stack-protector -fno-pic -fno-pie -mno-red-zone -mno-mmx -mno-sse -mno-sse2 -Wall -Wextra -Werror -Wno-unused-parameter -O2 -Ikernel/include -Ikernel -c kernel/sync/sync.c -o build/kernel/sync/sync.o
[CC]  kernel/sync/futex.c
x86_64-elf-gcc -std=c11 -ffreestanding -fno-stack-protector -fno-pic -fno-pie -mno-red-zone -mno-mmx -mno-sse -mno-sse2 -Wall -Wextra -Werror -Wno-unused-parameter -O2 -Ikernel/include -Ikernel -c kernel/sync/futex.c -o build/kernel/sync/futex.o
[AS]  kernel/boot/start.asm
nasm -f elf64 -g kernel/boot/start.asm -o build/kernel/boot/start.o
[AS]  kernel/arch/x86_64/isr.asm
nasm -f elf64 -g kernel/arch/x86_64/isr.asm -o build/kernel/arch/x86_64/isr.o
[AS]  kernel/arch/x86_64/gdt_flush.asm
nasm -f elf64 -g kernel/arch/x86_64/gdt_flush.asm -o build/kernel/arch/x86_64/gdt_flush.o
[AS]  kernel/arch/x86_64/sigreturn.asm
nasm -f elf64 -g kernel/arch/x86_64/sigreturn.asm -o build/kernel/arch/x86_64/sigreturn.o
[AS]  kernel/proc/context_switch.asm
nasm -f elf64 -g kernel/proc/context_switch.asm -o build/kernel/proc/context_switch.o
[AS]  kernel/proc/jump_userspace.asm
nasm -f elf64 -g kernel/proc/jump_userspace.asm -o build/kernel/proc/jump_userspace.o
[AS]  kernel/syscall/entry.asm
nasm -f elf64 -g kernel/syscall/entry.asm -o build/kernel/syscall/entry.o
[AS]  userspace/libc/crt0.asm
nasm -f elf64 -g userspace/libc/crt0.asm -o build/userspace/libc/crt0.o
[AS]  userspace/libc/setjmp.asm
nasm -f elf64 -g userspace/libc/setjmp.asm -o build/userspace/libc/setjmp.o
[CC]  shell: userspace/shell/exploish.c
x86_64-elf-gcc -std=c11 -ffreestanding -fno-stack-protector -fPIC -mno-red-zone -Wall -Wextra -Werror -Wno-unused-parameter -D__EXPLOIDUS_USERSPACE__ -Iuserspace/libc -O2 -c userspace/shell/exploish.c -o build/userspace/shell/exploish.o
[CC]  shell: userspace/shell/exploish_cmds.c
x86_64-elf-gcc -std=c11 -ffreestanding -fno-stack-protector -fPIC -mno-red-zone -Wall -Wextra -Werror -Wno-unused-parameter -D__EXPLOIDUS_USERSPACE__ -Iuserspace/libc -O2 -c userspace/shell/exploish_cmds.c -o build/userspace/shell/exploish_cmds.o
[LD]  shell  -> build/userspace/shell/exploish.elf
x86_64-elf-ld -T userspace/shell/shell.ld -nostdlib -z max-page-size=0x1000 --no-dynamic-linker -o build/userspace/shell/exploish.elf  build/userspace/libc/crt0.o  build/userspace/libc/setjmp.o    build/userspace/shell/exploish.o    build/userspace/shell/exploish_cmds.o
x86_64-elf-strip --strip-debug build/userspace/shell/exploish.elf
[STRIP] exploish done
[CC]  libc: userspace/libc/stdio.c
x86_64-elf-gcc -std=c11 -ffreestanding -fno-stack-protector -fPIC -mno-red-zone -Wall -Wextra -Werror -Wno-unused-parameter -D__EXPLOIDUS_USERSPACE__ -Iuserspace/libc -O2 -D__EXPLOIDUS_LIBC__ -c userspace/libc/stdio.c -o build/userspace/libc/stdio.o
[CC]  libc: userspace/libc/string.c
x86_64-elf-gcc -std=c11 -ffreestanding -fno-stack-protector -fPIC -mno-red-zone -Wall -Wextra -Werror -Wno-unused-parameter -D__EXPLOIDUS_USERSPACE__ -Iuserspace/libc -O2 -D__EXPLOIDUS_LIBC__ -c userspace/libc/string.c -o build/userspace/libc/string.o
[CC]  libc: userspace/libc/stdlib.c
x86_64-elf-gcc -std=c11 -ffreestanding -fno-stack-protector -fPIC -mno-red-zone -Wall -Wextra -Werror -Wno-unused-parameter -D__EXPLOIDUS_USERSPACE__ -Iuserspace/libc -O2 -D__EXPLOIDUS_LIBC__ -c userspace/libc/stdlib.c -o build/userspace/libc/stdlib.o
[CC]  libc: userspace/libc/malloc.c
x86_64-elf-gcc -std=c11 -ffreestanding -fno-stack-protector -fPIC -mno-red-zone -Wall -Wextra -Werror -Wno-unused-parameter -D__EXPLOIDUS_USERSPACE__ -Iuserspace/libc -O2 -D__EXPLOIDUS_LIBC__ -c userspace/libc/malloc.c -o build/userspace/libc/malloc.o
[CC]  libc: userspace/libc/math.c
x86_64-elf-gcc -std=c11 -ffreestanding -fno-stack-protector -fPIC -mno-red-zone -Wall -Wextra -Werror -Wno-unused-parameter -D__EXPLOIDUS_USERSPACE__ -Iuserspace/libc -O2 -D__EXPLOIDUS_LIBC__ -c userspace/libc/math.c -o build/userspace/libc/math.o
[CC]  libc: userspace/libc/errno.c
x86_64-elf-gcc -std=c11 -ffreestanding -fno-stack-protector -fPIC -mno-red-zone -Wall -Wextra -Werror -Wno-unused-parameter -D__EXPLOIDUS_USERSPACE__ -Iuserspace/libc -O2 -D__EXPLOIDUS_LIBC__ -c userspace/libc/errno.c -o build/userspace/libc/errno.o
[CC]  libc: userspace/libc/newlib_stubs.c
x86_64-elf-gcc -std=c11 -ffreestanding -fno-stack-protector -fPIC -mno-red-zone -Wall -Wextra -Werror -Wno-unused-parameter -D__EXPLOIDUS_USERSPACE__ -Iuserspace/libc -O2 -D__EXPLOIDUS_LIBC__ -c userspace/libc/newlib_stubs.c -o build/userspace/libc/newlib_stubs.o
[CC]  libc: userspace/libc/time.c
x86_64-elf-gcc -std=c11 -ffreestanding -fno-stack-protector -fPIC -mno-red-zone -Wall -Wextra -Werror -Wno-unused-parameter -D__EXPLOIDUS_USERSPACE__ -Iuserspace/libc -O2 -D__EXPLOIDUS_LIBC__ -c userspace/libc/time.c -o build/userspace/libc/time.o
[CC]  libc: userspace/libc/locale.c
x86_64-elf-gcc -std=c11 -ffreestanding -fno-stack-protector -fPIC -mno-red-zone -Wall -Wextra -Werror -Wno-unused-parameter -D__EXPLOIDUS_USERSPACE__ -Iuserspace/libc -O2 -D__EXPLOIDUS_LIBC__ -c userspace/libc/locale.c -o build/userspace/libc/locale.o
[CC]  libc: userspace/libc/signal.c
x86_64-elf-gcc -std=c11 -ffreestanding -fno-stack-protector -fPIC -mno-red-zone -Wall -Wextra -Werror -Wno-unused-parameter -D__EXPLOIDUS_USERSPACE__ -Iuserspace/libc -O2 -D__EXPLOIDUS_LIBC__ -c userspace/libc/signal.c -o build/userspace/libc/signal.o
[CC]  libc: userspace/libc/ctype.c
x86_64-elf-gcc -std=c11 -ffreestanding -fno-stack-protector -fPIC -mno-red-zone -Wall -Wextra -Werror -Wno-unused-parameter -D__EXPLOIDUS_USERSPACE__ -Iuserspace/libc -O2 -D__EXPLOIDUS_LIBC__ -c userspace/libc/ctype.c -o build/userspace/libc/ctype.o
[CC]  libc: userspace/libc/assert.c
x86_64-elf-gcc -std=c11 -ffreestanding -fno-stack-protector -fPIC -mno-red-zone -Wall -Wextra -Werror -Wno-unused-parameter -D__EXPLOIDUS_USERSPACE__ -Iuserspace/libc -O2 -D__EXPLOIDUS_LIBC__ -c userspace/libc/assert.c -o build/userspace/libc/assert.o
[CC]  bin: userspace/bin/rahu.c
x86_64-elf-gcc -std=c11 -ffreestanding -fno-stack-protector -fPIC -mno-red-zone -Wall -Wextra -Werror -Wno-unused-parameter -D__EXPLOIDUS_USERSPACE__ -Iuserspace/libc -O2 -c userspace/bin/rahu.c -o build/userspace/bin/rahu.o
[LD]  rahu   -> build/userspace/bin/rahu.elf
x86_64-elf-ld -T userspace/bin/fixed.ld -nostdlib -z max-page-size=0x1000 --no-dynamic-linker -o build/userspace/bin/rahu.elf  build/userspace/libc/crt0.o  build/userspace/libc/setjmp.o  build/userspace/libc/stdio.o  build/userspace/libc/string.o  build/userspace/libc/stdlib.o  build/userspace/libc/malloc.o  build/userspace/libc/math.o  build/userspace/libc/errno.o  build/userspace/libc/newlib_stubs.o  build/userspace/libc/time.o  build/userspace/libc/locale.o  build/userspace/libc/signal.o  build/userspace/libc/ctype.o  build/userspace/libc/assert.o    build/userspace/bin/rahu.o
x86_64-elf-strip --strip-debug build/userspace/bin/rahu.elf
[BIN] embedding shell blob
x86_64-elf-objcopy -I binary -O elf64-x86-64 -B i386:x86-64 build/userspace/shell/exploish.elf build/shell_blob.o
[CC]  bin: userspace/bin/hello.c
x86_64-elf-gcc -std=c11 -ffreestanding -fno-stack-protector -fPIC -mno-red-zone -Wall -Wextra -Werror -Wno-unused-parameter -D__EXPLOIDUS_USERSPACE__ -Iuserspace/libc -O2 -c userspace/bin/hello.c -o build/userspace/bin/hello.o
[LD]  hello  -> build/userspace/bin/hello.elf
x86_64-elf-ld -T userspace/bin/hello.ld -nostdlib -z max-page-size=0x1000 --no-dynamic-linker -o build/userspace/bin/hello.elf  build/userspace/libc/crt0.o  build/userspace/libc/setjmp.o  build/userspace/libc/stdio.o  build/userspace/libc/string.o  build/userspace/libc/stdlib.o  build/userspace/libc/malloc.o  build/userspace/libc/math.o  build/userspace/libc/errno.o  build/userspace/libc/newlib_stubs.o  build/userspace/libc/time.o  build/userspace/libc/locale.o  build/userspace/libc/signal.o  build/userspace/libc/ctype.o  build/userspace/libc/assert.o    build/userspace/bin/hello.o
x86_64-elf-strip --strip-debug build/userspace/bin/hello.elf
[BIN] embedding hello blob
x86_64-elf-objcopy -I binary -O elf64-x86-64 -B i386:x86-64 build/userspace/bin/hello.elf build/hello_blob.o
[CC]  bin: userspace/bin/init.c
x86_64-elf-gcc -std=c11 -ffreestanding -fno-stack-protector -fPIC -mno-red-zone -Wall -Wextra -Werror -Wno-unused-parameter -D__EXPLOIDUS_USERSPACE__ -Iuserspace/libc -O2 -c userspace/bin/init.c -o build/userspace/bin/init.o
[LD]  init   -> build/userspace/bin/init.elf
x86_64-elf-ld -T userspace/bin/init.ld -nostdlib -z max-page-size=0x1000 --no-dynamic-linker -o build/userspace/bin/init.elf  build/userspace/libc/crt0.o  build/userspace/libc/setjmp.o  build/userspace/libc/stdio.o  build/userspace/libc/string.o  build/userspace/libc/stdlib.o  build/userspace/libc/malloc.o  build/userspace/libc/math.o  build/userspace/libc/errno.o  build/userspace/libc/newlib_stubs.o  build/userspace/libc/time.o  build/userspace/libc/locale.o  build/userspace/libc/signal.o  build/userspace/libc/ctype.o  build/userspace/libc/assert.o    build/userspace/bin/init.o
x86_64-elf-strip --strip-debug build/userspace/bin/init.elf
[BIN] embedding init blob
x86_64-elf-objcopy -I binary -O elf64-x86-64 -B i386:x86-64 build/userspace/bin/init.elf build/init_blob.o
[LD]  kernel -> build/exploidus.elf
x86_64-elf-ld -T linker.ld -nostdlib -z max-page-size=0x1000 --no-dynamic-linker -o build/exploidus.elf    build/kernel/main.o    build/kernel/string.o    build/kernel/arch/x86_64/gdt.o    build/kernel/arch/x86_64/idt.o    build/kernel/arch/x86_64/irq.o    build/kernel/arch/x86_64/apic.o    build/kernel/arch/x86_64/fpu.o    build/kernel/mm/pmm.o    build/kernel/mm/vmm.o    build/kernel/mm/kmalloc.o    build/kernel/cap/capability.o    build/kernel/cap/broker.o    build/kernel/crypto/blake3.o    build/kernel/audit/audit.o    build/kernel/proc/process.o    build/kernel/proc/scheduler.o    build/kernel/proc/fork_exec.o    build/kernel/syscall/table.o    build/kernel/drivers/vga.o    build/kernel/drivers/serial.o    build/kernel/drivers/keyboard.o    build/kernel/drivers/fb.o    build/kernel/drivers/font.o    build/kernel/drivers/mouse.o    build/kernel/drivers/fb_console.o    build/kernel/drivers/ata.o    build/kernel/drivers/driver.o    build/kernel/drivers/rtc.o    build/kernel/fs/vfs/vfs.o    build/kernel/fs/exfs/exfs.o    build/kernel/elf/elf.o    build/kernel/net/net.o    build/kernel/net/netstack.o    build/kernel/net/arp/arp.o    build/kernel/net/ip/ip.o    build/kernel/net/icmp/icmp.o    build/kernel/net/udp/udp.o    build/kernel/net/dns/dns.o    build/kernel/net/tcp/tcp.o    build/kernel/net/socket/socket.o    build/kernel/net/drivers/e1000.o    build/kernel/cnsl/cnsl.o    build/kernel/cnsl/fim.o    build/kernel/huddlecluster/huddlecluster.o    build/kernel/ipc/ipc.o    build/kernel/shm/shm.o    build/kernel/sync/sync.o    build/kernel/sync/futex.o  build/kernel/boot/start.o  build/kernel/arch/x86_64/isr.o  build/kernel/arch/x86_64/gdt_flush.o  build/kernel/arch/x86_64/sigreturn.o  build/kernel/proc/context_switch.o  build/kernel/proc/jump_userspace.o  build/kernel/syscall/entry.o build/shell_blob.o build/hello_blob.o build/init_blob.o
[CC]  bin: userspace/bin/auditd.c
x86_64-elf-gcc -std=c11 -ffreestanding -fno-stack-protector -fPIC -mno-red-zone -Wall -Wextra -Werror -Wno-unused-parameter -D__EXPLOIDUS_USERSPACE__ -Iuserspace/libc -O2 -c userspace/bin/auditd.c -o build/userspace/bin/auditd.o
[LD]  auditd -> build/userspace/bin/auditd.elf
x86_64-elf-ld -T userspace/bin/auditd.ld -nostdlib -z max-page-size=0x1000 --no-dynamic-linker -o build/userspace/bin/auditd.elf  build/userspace/libc/crt0.o  build/userspace/libc/setjmp.o  build/userspace/libc/stdio.o  build/userspace/libc/string.o  build/userspace/libc/stdlib.o  build/userspace/libc/malloc.o  build/userspace/libc/math.o  build/userspace/libc/errno.o  build/userspace/libc/newlib_stubs.o  build/userspace/libc/time.o  build/userspace/libc/locale.o  build/userspace/libc/signal.o  build/userspace/libc/ctype.o  build/userspace/libc/assert.o    build/userspace/bin/auditd.o
x86_64-elf-strip --strip-debug build/userspace/bin/auditd.elf
[CC]  bin: userspace/bin/httpd.c
x86_64-elf-gcc -std=c11 -ffreestanding -fno-stack-protector -fPIC -mno-red-zone -Wall -Wextra -Werror -Wno-unused-parameter -D__EXPLOIDUS_USERSPACE__ -Iuserspace/libc -O2 -c userspace/bin/httpd.c -o build/userspace/bin/httpd.o
[LD]  httpd  -> build/userspace/bin/httpd.elf
x86_64-elf-ld -T userspace/bin/auditd.ld -nostdlib -z max-page-size=0x1000 --no-dynamic-linker -o build/userspace/bin/httpd.elf  build/userspace/libc/crt0.o  build/userspace/libc/setjmp.o  build/userspace/libc/stdio.o  build/userspace/libc/string.o  build/userspace/libc/stdlib.o  build/userspace/libc/malloc.o  build/userspace/libc/math.o  build/userspace/libc/errno.o  build/userspace/libc/newlib_stubs.o  build/userspace/libc/time.o  build/userspace/libc/locale.o  build/userspace/libc/signal.o  build/userspace/libc/ctype.o  build/userspace/libc/assert.o    build/userspace/bin/httpd.o
x86_64-elf-strip --strip-debug build/userspace/bin/httpd.elf
[CC]  bin: userspace/bin/httptest.c
x86_64-elf-gcc -std=c11 -ffreestanding -fno-stack-protector -fPIC -mno-red-zone -Wall -Wextra -Werror -Wno-unused-parameter -D__EXPLOIDUS_USERSPACE__ -Iuserspace/libc -O2 -c userspace/bin/httptest.c -o build/userspace/bin/httptest.o
[LD]  httptest -> build/userspace/bin/httptest.elf
x86_64-elf-ld -T userspace/bin/auditd.ld -nostdlib -z max-page-size=0x1000 --no-dynamic-linker -o build/userspace/bin/httptest.elf  build/userspace/libc/crt0.o  build/userspace/libc/setjmp.o  build/userspace/libc/stdio.o  build/userspace/libc/string.o  build/userspace/libc/stdlib.o  build/userspace/libc/malloc.o  build/userspace/libc/math.o  build/userspace/libc/errno.o  build/userspace/libc/newlib_stubs.o  build/userspace/libc/time.o  build/userspace/libc/locale.o  build/userspace/libc/signal.o  build/userspace/libc/ctype.o  build/userspace/libc/assert.o    build/userspace/bin/httptest.o
x86_64-elf-strip --strip-debug build/userspace/bin/httptest.elf
[CC]  yolish: userspace/yolish/lexer.c
x86_64-elf-gcc -std=c11 -ffreestanding -fno-stack-protector -fPIC -mno-red-zone -Wall -Wextra -Werror -Wno-unused-parameter -D__EXPLOIDUS_USERSPACE__ -Iuserspace/libc -O2 -Iuserspace/yolish -Iuserspace/libc -c userspace/yolish/lexer.c -o build/userspace/yolish/lexer.o
[CC]  yolish: userspace/yolish/parser.c
x86_64-elf-gcc -std=c11 -ffreestanding -fno-stack-protector -fPIC -mno-red-zone -Wall -Wextra -Werror -Wno-unused-parameter -D__EXPLOIDUS_USERSPACE__ -Iuserspace/libc -O2 -Iuserspace/yolish -Iuserspace/libc -c userspace/yolish/parser.c -o build/userspace/yolish/parser.o
[CC]  yolish: userspace/yolish/eval.c
x86_64-elf-gcc -std=c11 -ffreestanding -fno-stack-protector -fPIC -mno-red-zone -Wall -Wextra -Werror -Wno-unused-parameter -D__EXPLOIDUS_USERSPACE__ -Iuserspace/libc -O2 -Iuserspace/yolish -Iuserspace/libc -c userspace/yolish/eval.c -o build/userspace/yolish/eval.o
[CC]  yolish: userspace/yolish/main.c
x86_64-elf-gcc -std=c11 -ffreestanding -fno-stack-protector -fPIC -mno-red-zone -Wall -Wextra -Werror -Wno-unused-parameter -D__EXPLOIDUS_USERSPACE__ -Iuserspace/libc -O2 -Iuserspace/yolish -Iuserspace/libc -c userspace/yolish/main.c -o build/userspace/yolish/main.o
[LD]  ys -> build/userspace/yolish/ys.elf
x86_64-elf-ld -T userspace/shell/shell.ld -nostdlib -z max-page-size=0x1000 --no-dynamic-linker -o build/userspace/yolish/ys.elf  build/userspace/libc/crt0.o  build/userspace/libc/setjmp.o  build/userspace/yolish/lexer.o  build/userspace/yolish/parser.o  build/userspace/yolish/eval.o  build/userspace/yolish/main.o
[CC]  compositor: userspace/compositor/compositor.c
x86_64-elf-gcc -std=c11 -ffreestanding -fno-stack-protector -fPIC -mno-red-zone -Wall -Wextra -Werror -Wno-unused-parameter -D__EXPLOIDUS_USERSPACE__ -Iuserspace/libc -O2 -Iuserspace/compositor -c userspace/compositor/compositor.c -o build/userspace/compositor/compositor.o
[LD]  compositor -> build/userspace/compositor/compositor.elf
x86_64-elf-ld -T userspace/compositor/compositor.ld -nostdlib -z max-page-size=0x1000 --no-dynamic-linker -o build/userspace/compositor/compositor.elf  build/userspace/libc/crt0.o  build/userspace/libc/setjmp.o  build/userspace/libc/stdio.o  build/userspace/libc/string.o  build/userspace/libc/stdlib.o  build/userspace/libc/malloc.o  build/userspace/libc/math.o  build/userspace/libc/errno.o  build/userspace/libc/newlib_stubs.o  build/userspace/libc/time.o  build/userspace/libc/locale.o  build/userspace/libc/signal.o  build/userspace/libc/ctype.o  build/userspace/libc/assert.o  build/userspace/compositor/compositor.o
x86_64-elf-strip --strip-debug build/userspace/compositor/compositor.elf
[CC]  bin: userspace/bin/gui_demo.c
x86_64-elf-gcc -std=c11 -ffreestanding -fno-stack-protector -fPIC -mno-red-zone -Wall -Wextra -Werror -Wno-unused-parameter -D__EXPLOIDUS_USERSPACE__ -Iuserspace/libc -O2 -c userspace/bin/gui_demo.c -o build/userspace/bin/gui_demo.o
[LD]  gui_demo -> build/userspace/bin/gui_demo.elf
x86_64-elf-ld -T userspace/bin/auditd.ld -nostdlib -z max-page-size=0x1000 --no-dynamic-linker -o build/userspace/bin/gui_demo.elf  build/userspace/libc/crt0.o  build/userspace/libc/setjmp.o  build/userspace/libc/stdio.o  build/userspace/libc/string.o  build/userspace/libc/stdlib.o  build/userspace/libc/malloc.o  build/userspace/libc/math.o  build/userspace/libc/errno.o  build/userspace/libc/newlib_stubs.o  build/userspace/libc/time.o  build/userspace/libc/locale.o  build/userspace/libc/signal.o  build/userspace/libc/ctype.o  build/userspace/libc/assert.o  build/userspace/bin/gui_demo.o
x86_64-elf-strip --strip-debug build/userspace/bin/gui_demo.elf
[CC]  bin: userspace/bin/terminal.c
x86_64-elf-gcc -std=c11 -ffreestanding -fno-stack-protector -fPIC -mno-red-zone -Wall -Wextra -Werror -Wno-unused-parameter -D__EXPLOIDUS_USERSPACE__ -Iuserspace/libc -O2 -c userspace/bin/terminal.c -o build/userspace/bin/terminal.o
[LD]  terminal -> build/userspace/bin/terminal.elf
x86_64-elf-ld -T userspace/bin/auditd.ld -nostdlib -z max-page-size=0x1000 --no-dynamic-linker -o build/userspace/bin/terminal.elf  build/userspace/libc/crt0.o  build/userspace/libc/setjmp.o  build/userspace/libc/stdio.o  build/userspace/libc/string.o  build/userspace/libc/stdlib.o  build/userspace/libc/malloc.o  build/userspace/libc/math.o  build/userspace/libc/errno.o  build/userspace/libc/newlib_stubs.o  build/userspace/libc/time.o  build/userspace/libc/locale.o  build/userspace/libc/signal.o  build/userspace/libc/ctype.o  build/userspace/libc/assert.o  build/userspace/bin/terminal.o
x86_64-elf-strip --strip-debug build/userspace/bin/terminal.elf
[CC]  lua: userspace/lua/lua-5.5.0/onelua.c
x86_64-elf-gcc -std=c11 -ffreestanding -fno-stack-protector -fPIC -mno-red-zone -Wall -Wextra -Werror -Wno-unused-parameter -D__EXPLOIDUS_USERSPACE__ -Iuserspace/libc -O2 -Wno-error -c userspace/lua/lua-5.5.0/onelua.c -o build/userspace/lua/lua-5.5.0/onelua.o
[LD]  lua    -> build/userspace/lua/lua.elf
x86_64-elf-ld -T userspace/lua/lua.ld -nostdlib -z max-page-size=0x1000 --no-dynamic-linker -o build/userspace/lua/lua.elf  build/userspace/libc/crt0.o  build/userspace/libc/setjmp.o  build/userspace/libc/stdio.o  build/userspace/libc/string.o  build/userspace/libc/stdlib.o  build/userspace/libc/malloc.o  build/userspace/libc/math.o  build/userspace/libc/errno.o  build/userspace/libc/newlib_stubs.o  build/userspace/libc/time.o  build/userspace/libc/locale.o  build/userspace/libc/signal.o  build/userspace/libc/ctype.o  build/userspace/libc/assert.o    build/userspace/lua/lua-5.5.0/onelua.o
x86_64-elf-strip --strip-debug build/userspace/lua/lua.elf
[CC]  bin: userspace/bin/sigtest.c
x86_64-elf-gcc -std=c11 -ffreestanding -fno-stack-protector -fPIC -mno-red-zone -Wall -Wextra -Werror -Wno-unused-parameter -D__EXPLOIDUS_USERSPACE__ -Iuserspace/libc -O2 -c userspace/bin/sigtest.c -o build/userspace/bin/sigtest.o
[LD]  sigtest -> build/userspace/bin/sigtest.elf
x86_64-elf-ld -T userspace/bin/fixed.ld -nostdlib -z max-page-size=0x1000 --no-dynamic-linker -o build/userspace/bin/sigtest.elf  build/userspace/libc/crt0.o  build/userspace/libc/setjmp.o  build/userspace/libc/stdio.o  build/userspace/libc/string.o  build/userspace/libc/stdlib.o  build/userspace/libc/malloc.o  build/userspace/libc/math.o  build/userspace/libc/errno.o  build/userspace/libc/newlib_stubs.o  build/userspace/libc/time.o  build/userspace/libc/locale.o  build/userspace/libc/signal.o  build/userspace/libc/ctype.o  build/userspace/libc/assert.o    build/userspace/bin/sigtest.o
x86_64-elf-strip --strip-debug build/userspace/bin/sigtest.elf
[CC]  bin: userspace/bin/chmodtest.c
x86_64-elf-gcc -std=c11 -ffreestanding -fno-stack-protector -fPIC -mno-red-zone -Wall -Wextra -Werror -Wno-unused-parameter -D__EXPLOIDUS_USERSPACE__ -Iuserspace/libc -O2 -c userspace/bin/chmodtest.c -o build/userspace/bin/chmodtest.o
[LD]  chmodtest -> build/userspace/bin/chmodtest.elf
x86_64-elf-ld -T userspace/bin/hello.ld -nostdlib -z max-page-size=0x1000 --no-dynamic-linker -o build/userspace/bin/chmodtest.elf  build/userspace/libc/crt0.o  build/userspace/libc/setjmp.o  build/userspace/libc/stdio.o  build/userspace/libc/string.o  build/userspace/libc/stdlib.o  build/userspace/libc/malloc.o  build/userspace/libc/math.o  build/userspace/libc/errno.o  build/userspace/libc/newlib_stubs.o  build/userspace/libc/time.o  build/userspace/libc/locale.o  build/userspace/libc/signal.o  build/userspace/libc/ctype.o  build/userspace/libc/assert.o    build/userspace/bin/chmodtest.o
x86_64-elf-strip --strip-debug build/userspace/bin/chmodtest.elf
[CC]  bin: userspace/bin/udptest.c
x86_64-elf-gcc -std=c11 -ffreestanding -fno-stack-protector -fPIC -mno-red-zone -Wall -Wextra -Werror -Wno-unused-parameter -D__EXPLOIDUS_USERSPACE__ -Iuserspace/libc -O2 -c userspace/bin/udptest.c -o build/userspace/bin/udptest.o
[LD]  udptest -> build/userspace/bin/udptest.elf
x86_64-elf-ld -T userspace/bin/hello.ld -nostdlib -z max-page-size=0x1000 --no-dynamic-linker -o build/userspace/bin/udptest.elf  build/userspace/libc/crt0.o  build/userspace/libc/setjmp.o  build/userspace/libc/stdio.o  build/userspace/libc/string.o  build/userspace/libc/stdlib.o  build/userspace/libc/malloc.o  build/userspace/libc/math.o  build/userspace/libc/errno.o  build/userspace/libc/newlib_stubs.o  build/userspace/libc/time.o  build/userspace/libc/locale.o  build/userspace/libc/signal.o  build/userspace/libc/ctype.o  build/userspace/libc/assert.o    build/userspace/bin/udptest.o
x86_64-elf-strip --strip-debug build/userspace/bin/udptest.elf
[CC]  bin: userspace/bin/aslrtest.c
x86_64-elf-gcc -std=c11 -ffreestanding -fno-stack-protector -fPIC -mno-red-zone -Wall -Wextra -Werror -Wno-unused-parameter -D__EXPLOIDUS_USERSPACE__ -Iuserspace/libc -O2 -c userspace/bin/aslrtest.c -o build/userspace/bin/aslrtest.o
[LD]  aslrtest (static-pie) -> build/userspace/bin/aslrtest.elf
x86_64-elf-ld -T userspace/bin/pie.ld -nostdlib -pie -static -z max-page-size=0x1000 --no-dynamic-linker -o build/userspace/bin/aslrtest.elf  build/userspace/libc/crt0.o  build/userspace/libc/setjmp.o  build/userspace/libc/stdio.o  build/userspace/libc/string.o  build/userspace/libc/stdlib.o  build/userspace/libc/malloc.o  build/userspace/libc/math.o  build/userspace/libc/errno.o  build/userspace/libc/newlib_stubs.o  build/userspace/libc/time.o  build/userspace/libc/locale.o  build/userspace/libc/signal.o  build/userspace/libc/ctype.o  build/userspace/libc/assert.o    build/userspace/bin/aslrtest.o
x86_64-elf-strip --strip-debug build/userspace/bin/aslrtest.elf
